// Jest Snapshot v1, https://goo.gl/fbAQLP

exports[`>>>AcceptButton --- Snapshot +++capturing Snapshot of AcceptButton 1`] = `
<button
  className="accept-button"
  onClick={[Function]}
>
  Accept
</button>
`;
