// Jest Snapshot v1, https://goo.gl/fbAQLP

exports[`>>>AutocompleteInput --- Snapshot +++capturing Snapshot of AutocompleteInput 1`] = `
<input
  className="auto-complete-field"
  onBlur={[Function]}
  onChange={[Function]}
  onFocus={[Function]}
  onKeyDown={[Function]}
  value=""
/>
`;
